
Memory Configuration

Name             Origin             Length             Attributes
FLASH            0x0000000008000000 0x0000000000080000 xr
SRAM             0x0000000020000000 0x0000000000020000 xrw
*default*        0x0000000000000000 0xffffffffffffffff

Linker script and memory map

LOAD object/kmath.o
LOAD object/kfloat.o
LOAD object/cm4.o
LOAD object/mcu_info.o
LOAD object/kstring.o
LOAD object/kmain.o
LOAD object/stm32_startup.o
LOAD object/sys_clock.o
LOAD object/sys_usart.o
LOAD object/sys_gpio.o
LOAD object/kstdio.o
LOAD object/sys_init.o
LOAD object/unistd.o
LOAD object/times.o
LOAD object/serial_lin.o
LOAD object/UsartRingBuffer.o
LOAD object/debug.o
LOAD object/timer.o
LOAD object/sys_err.o
LOAD object/sys_rtc.o

.text           0x0000000008000000     0x46b8
                0x0000000008000000                _stext = .
 *(.isr_vector)
 .isr_vector    0x0000000008000000      0x1c4 object/stm32_startup.o
                0x0000000008000000                NVIC_VECTOR
 *(.text)
 .text          0x00000000080001c4       0x4e object/kmath.o
                0x00000000080001c4                __pow
 *fill*         0x0000000008000212        0x2 
 .text          0x0000000008000214      0xf10 object/kfloat.o
                0x0000000008000214                __aeabi_f2d
                0x00000000080002da                __aeabi_d2f
                0x0000000008000362                __aeabi_d2iz
                0x00000000080003f2                __aeabi_d2i
                0x0000000008000482                get_decimal_part
                0x000000000800056c                __aeabi_ui2d
                0x00000000080005ec                __aeabi_d2uiz
                0x0000000008000662                __aeabi_dsub
                0x000000000800093c                __aeabi_dmul
                0x0000000008000af2                __aeabi_dadd
                0x0000000008000dba                __aeabi_d2ulz
                0x0000000008000e38                __aeabi_ddiv
                0x00000000080010e4                __aeabi_dcmpeq
 .text          0x0000000008001124      0x12c object/cm4.o
                0x0000000008001124                __SysTick_init
                0x0000000008001138                SysTickIntDisable
                0x0000000008001146                SysTickIntEnable
                0x0000000008001154                __SysTick_enable
                0x0000000008001162                __sysTick_disable
                0x0000000008001170                __getSysTickCount
                0x0000000008001180                __updateSysTick
                0x0000000008001194                __getTime
                0x00000000080011a4                __get__Second
                0x00000000080011b4                __get__Minute
                0x00000000080011c4                __get__Hour
                0x00000000080011d4                SysTick_Handler
                0x00000000080011e2                __enable_fpu
                0x0000000008001204                ms_delay
                0x000000000800121a                getmsTick
                0x000000000800122a                wait_until
                0x0000000008001240                SYS_SLEEP_WFI
 .text          0x0000000008001250      0x1a8 object/mcu_info.o
                0x0000000008001250                show_system_info
                0x00000000080012fc                store_product_id
                0x00000000080013e4                get_product_id
 .text          0x00000000080013f8      0x91c object/kstring.o
                0x00000000080013f8                __str_to_num
                0x00000000080014da                __reverse_str
                0x0000000008001538                __strlen
                0x0000000008001566                convert
                0x00000000080015e4                convertu32
                0x000000000800163c                float2str
                0x0000000008001708                str2float
                0x000000000800180a                kmemset
                0x0000000008001856                StrCat
                0x00000000080018a0                strcopy
                0x00000000080018da                clear_str
                0x0000000008001918                strncopy
                0x000000000800196a                strn4mcopy
                0x00000000080019b8                byte_to_hex
                0x0000000008001a2c                show_byte_hex_str
                0x0000000008001a74                show_byte_stream_hex
                0x0000000008001ab4                strcomp
                0x0000000008001b04                strncopy_cmd
                0x0000000008001b52                uint16_to_str
                0x0000000008001ca4                strCat_n_to_m
 .text          0x0000000008001d14        0xa object/kmain.o
                0x0000000008001d14                kmain
 *fill*         0x0000000008001d1e        0x2 
 .text          0x0000000008001d20       0xe0 object/stm32_startup.o
                0x0000000008001d20                Reset_Handler
                0x0000000008001dd8                RTC_WKUP_Handler
                0x0000000008001dd8                FLASH_Handler
                0x0000000008001dd8                DMA2_Stream7_Handler
                0x0000000008001dd8                OTG_HS_Handler
                0x0000000008001dd8                DMA2_Stream3_Handler
                0x0000000008001dd8                USART3_Handler
                0x0000000008001dd8                PendSV_Handler
                0x0000000008001dd8                NMI_Handler
                0x0000000008001dd8                SAI1_Handler
                0x0000000008001dd8                TIM6_DAC_Handler
                0x0000000008001dd8                CAN1_RX1_Handler
                0x0000000008001dd8                EXTI15_10_Handler
                0x0000000008001dd8                ADC_Handler
                0x0000000008001dd8                I2C1_EV_Handler
                0x0000000008001dd8                TAMP_STAMP_Handler
                0x0000000008001dd8                I2C3_ER_Handler
                0x0000000008001dd8                WWDG_Handler
                0x0000000008001dd8                EXTI4_Handler
                0x0000000008001dd8                I2C3_EV_Handler
                0x0000000008001dd8                DMA1_Stream1_Handler
                0x0000000008001dd8                DMA2_Stream4_Handler
                0x0000000008001dd8                DMA1_Stream7_Handler
                0x0000000008001dd8                OTG_FS_Handler
                0x0000000008001dd8                TIM1_BRK_TIM9_Handler
                0x0000000008001dd8                I2C1_ER_Handler
                0x0000000008001dd8                DMA1_Stream3_Handler
                0x0000000008001dd8                UsageFault_Handler
                0x0000000008001dd8                TIM1_UP_TIM10_Handler
                0x0000000008001dd8                CAN1_RX0_Handler
                0x0000000008001dd8                TIM1_CC_Handler
                0x0000000008001dd8                I2C2_ER_Handler
                0x0000000008001dd8                TIM8_CC_Handler
                0x0000000008001dd8                HDMI_CEC_Handler
                0x0000000008001dd8                SAI2_Handler
                0x0000000008001dd8                CAN1_SCE_Handler
                0x0000000008001dd8                DMA1_Stream0_Handler
                0x0000000008001dd8                OTG_HS_EP1_OUT_Handler
                0x0000000008001dd8                EXTI1_Handler
                0x0000000008001dd8                FMC_Handler
                0x0000000008001dd8                EXTI3_Handler
                0x0000000008001dd8                EXTI2_Handler
                0x0000000008001dd8                UART4_Handler
                0x0000000008001dd8                CAN2_RX1_Handler
                0x0000000008001dd8                EXTI9_5_Handler
                0x0000000008001dd8                USART1_Handler
                0x0000000008001dd8                CAN2_SCE_Handler
                0x0000000008001dd8                TIM3_Handler
                0x0000000008001dd8                DMA2_Stream6_Handler
                0x0000000008001dd8                Default_Handler
                0x0000000008001dd8                DCMI_Handler
                0x0000000008001dd8                TIM1_TRG_COM_TIM11_Handler
                0x0000000008001dd8                RTC_Alarm_Handler
                0x0000000008001dd8                TIM4_Handler
                0x0000000008001dd8                TIM8_UP_TIM13_Handler
                0x0000000008001dd8                CAN2_TX_Handler
                0x0000000008001dd8                SPI2_Handler
                0x0000000008001dd8                DMA2_Stream1_Handler
                0x0000000008001dd8                DMA1_Stream2_Handler
                0x0000000008001dd8                EXTI0_Handler
                0x0000000008001dd8                TIM8_BRK_TIM12_Handler
                0x0000000008001dd8                CAN2_RX0_Handler
                0x0000000008001dd8                DMA2_Stream5_Handler
                0x0000000008001dd8                DMA1_Stream6_Handler
                0x0000000008001dd8                SDIO_Handler
                0x0000000008001dd8                FMPI2C1_ERR_Handler
                0x0000000008001dd8                SPI1_Handler
                0x0000000008001dd8                I2C2_EV_Handler
                0x0000000008001dd8                SPDIF_Rx_Handler
                0x0000000008001dd8                DMA2_Stream2_Handler
                0x0000000008001dd8                SPI3_Handler
                0x0000000008001dd8                DMA2_Stream0_Handler
                0x0000000008001dd8                RCC_Handler
                0x0000000008001dd8                PVD_Handler
                0x0000000008001dd8                UART5_Handler
                0x0000000008001dd8                DMA1_Stream5_Handler
                0x0000000008001dd8                TIM5_Handler
                0x0000000008001dd8                QuadSPI_Handler
                0x0000000008001dd8                TIM7_Handler
                0x0000000008001dd8                TIM8_TRG_COM_TIM14_Handler
                0x0000000008001dd8                CAN1_TX_Handler
                0x0000000008001dd8                FPU_Handler
                0x0000000008001dd8                FMPI2C1_Handler
                0x0000000008001dd8                DMA1_Stream4_Handler
                0x0000000008001dd8                DebugMonitor_Handler
                0x0000000008001dd8                OTG_HS_WKUP_Handler
                0x0000000008001dd8                OTG_FS_WKUP_Handler
                0x0000000008001dd8                SPI4_Handler
                0x0000000008001dd8                OTG_HS_EP1_IN_Handler
                0x0000000008001dde                HardFault_Handler
                0x0000000008001de4                MemManage_Handler
                0x0000000008001dea                BusFault_Handler
                0x0000000008001df0                SVCall_Handler
 .text          0x0000000008001e00      0x308 object/sys_clock.o
                0x0000000008001e00                __init_sys_clock
                0x0000000008001ecc                __APB1CLK_FREQ
                0x0000000008001f48                __APB2CLK_FREQ
                0x0000000008001fc4                __PLL_SYS_CLK
                0x000000000800205c                __AHB_CLK
 .text          0x0000000008002108      0x584 object/sys_usart.o
                0x00000000080021b8                UART_Init
                0x0000000008002252                UART_DeInit
                0x00000000080022c0                UART_BRR_SAMPLING16
                0x0000000008002454                UART_MspInit
 .text          0x000000000800268c      0x5c0 object/sys_gpio.o
                0x000000000800268c                GPIO_WritePin
                0x00000000080026c0                GPIO_Init
                0x00000000080029c8                GPIO_DeInit
                0x0000000008002bb0                SPI_GPIOInit
 .text          0x0000000008002c4c      0x350 object/kstdio.o
                0x0000000008002c4c                kprintf
                0x0000000008002de0                putstr
                0x0000000008002e2c                kscanf
 .text          0x0000000008002f9c      0x14c object/sys_init.o
                0x0000000008002fe4                __sys_init
                0x00000000080030a0                SYS_ROUTINE
                0x00000000080030ac                display_group_info
 .text          0x00000000080030e8        0x0 object/unistd.o
 .text          0x00000000080030e8        0x0 object/times.o
 .text          0x00000000080030e8      0x1b8 object/serial_lin.o
                0x00000000080030e8                SerialLin2_init
                0x0000000008003180                SerialLin6_init
                0x0000000008003218                USART2_Handler
                0x000000000800322c                USART6_Handler
                0x0000000008003240                noIntWrite
                0x0000000008003270                noIntSendString
 .text          0x00000000080032a0      0xb7c object/UsartRingBuffer.o
                0x00000000080032a0                Ringbuf_init
                0x000000000800333a                Look_for
                0x00000000080033da                GetDataFromBuffer
                0x000000000800351a                Uart_flush
                0x0000000008003556                Uart_peek
                0x00000000080035d0                Uart_read
                0x0000000008003670                Uart_write
                0x0000000008003728                IsDataAvailable
                0x00000000080037ac                Get_after
                0x000000000800380a                Uart_sendstring
                0x0000000008003838                Uart_printbase
                0x00000000080038d0                Copy_upto
                0x00000000080039d0                Wait_for
                0x0000000008003aba                look_for_frame
                0x0000000008003c20                Uart_isr
                0x0000000008003d2e                update_tail
                0x0000000008003d94                debug_buffer
 .text          0x0000000008003e1c      0x110 object/debug.o
                0x0000000008003e1c                __debugRamUsage
                0x0000000008003e68                __digitalWriteDebugButton
                0x0000000008003ec4                __digitalReadDebugButton
                0x0000000008003ef4                __alalogReadDebug
                0x0000000008003f0c                __analogWriteDebug
 .text          0x0000000008003f2c      0x228 object/timer.o
                0x0000000008003f68                ConfigTimer2ForSystem
                0x0000000008003fe4                Delay_micro_second
                0x0000000008004078                Delay
                0x00000000080040a6                getMiliseconds
                0x00000000080040e8                getMicroseconds
                0x0000000008004118                TIM2_Handler
 .text          0x0000000008004154       0x12 object/sys_err.o
                0x0000000008004154                Error_Handler
 *fill*         0x0000000008004166        0x2 
 .text          0x0000000008004168      0x364 object/sys_rtc.o
                0x0000000008004168                SYS_RTC_init
                0x0000000008004410                get_timeofDay
 *(.rodata)
 .rodata        0x00000000080044cc       0x64 object/mcu_info.o
 .rodata        0x0000000008004530        0xa object/kstring.o
 *fill*         0x000000000800453a        0x2 
 .rodata        0x000000000800453c        0x4 object/stm32_startup.o
                0x000000000800453c                STACK_START
 .rodata        0x0000000008004540       0x18 object/sys_clock.o
                0x0000000008004540                AHBPrescTable
                0x0000000008004550                APBPrescTable
 .rodata        0x0000000008004558      0x15e object/sys_init.o
                0x00000000080046b8                . = ALIGN (0x4)
 *fill*         0x00000000080046b6        0x2 
                0x00000000080046b8                _etext = .
                0x00000000080046b8                _la_data = LOADADDR (.data)

.glue_7         0x00000000080046b8        0x0
 .glue_7        0x00000000080046b8        0x0 linker stubs

.glue_7t        0x00000000080046b8        0x0
 .glue_7t       0x00000000080046b8        0x0 linker stubs

.vfp11_veneer   0x00000000080046b8        0x0
 .vfp11_veneer  0x00000000080046b8        0x0 linker stubs

.v4_bx          0x00000000080046b8        0x0
 .v4_bx         0x00000000080046b8        0x0 linker stubs

.iplt           0x00000000080046b8        0x0
 .iplt          0x00000000080046b8        0x0 object/kfloat.o

.rel.dyn        0x00000000080046b8        0x0
 .rel.iplt      0x00000000080046b8        0x0 object/kfloat.o

.data           0x0000000020000000       0x6c load address 0x00000000080046b8
                0x0000000020000000                _sdata = .
 *(.data)
 .data          0x0000000020000000        0x0 object/kmath.o
 .data          0x0000000020000000        0x0 object/kfloat.o
 .data          0x0000000020000000        0x0 object/cm4.o
 .data          0x0000000020000000        0x0 object/mcu_info.o
 .data          0x0000000020000000       0x61 object/kstring.o
 .data          0x0000000020000061        0x0 object/kmain.o
 .data          0x0000000020000061        0x0 object/stm32_startup.o
 .data          0x0000000020000061        0x0 object/sys_clock.o
 .data          0x0000000020000061        0x0 object/sys_usart.o
 .data          0x0000000020000061        0x0 object/sys_gpio.o
 .data          0x0000000020000061        0x0 object/kstdio.o
 .data          0x0000000020000061        0x0 object/sys_init.o
 .data          0x0000000020000061        0x0 object/unistd.o
 .data          0x0000000020000061        0x0 object/times.o
 *fill*         0x0000000020000061        0x3 
 .data          0x0000000020000064        0x8 object/serial_lin.o
                0x0000000020000064                errObj
 .data          0x000000002000006c        0x0 object/UsartRingBuffer.o
 .data          0x000000002000006c        0x0 object/debug.o
 .data          0x000000002000006c        0x0 object/timer.o
 .data          0x000000002000006c        0x0 object/sys_err.o
 .data          0x000000002000006c        0x0 object/sys_rtc.o
                0x000000002000006c                . = ALIGN (0x4)
                0x000000002000006c                _edata = .

.igot.plt       0x000000002000006c        0x0 load address 0x0000000008004724
 .igot.plt      0x000000002000006c        0x0 object/kfloat.o

.bss            0x000000002000006c      0x8f5 load address 0x0000000008004724
                0x000000002000006c                _sbss = .
 *(.bss)
 .bss           0x000000002000006c        0x0 object/kmath.o
 .bss           0x000000002000006c        0x0 object/kfloat.o
 .bss           0x000000002000006c        0x0 object/cm4.o
 .bss           0x000000002000006c       0x14 object/mcu_info.o
 .bss           0x0000000020000080       0x32 object/kstring.o
 .bss           0x00000000200000b2        0x0 object/kmain.o
 *fill*         0x00000000200000b2        0x2 
 .bss           0x00000000200000b4        0xc object/stm32_startup.o
                0x00000000200000b4                _bss_size
                0x00000000200000b8                _data_size
                0x00000000200000bc                _text_size
 .bss           0x00000000200000c0        0x0 object/sys_clock.o
 .bss           0x00000000200000c0        0x0 object/sys_usart.o
 .bss           0x00000000200000c0        0x0 object/sys_gpio.o
 .bss           0x00000000200000c0        0x0 object/kstdio.o
 .bss           0x00000000200000c0        0x0 object/sys_init.o
 .bss           0x00000000200000c0        0x0 object/unistd.o
 .bss           0x00000000200000c0        0x0 object/times.o
 .bss           0x00000000200000c0      0x890 object/serial_lin.o
                0x00000000200000c0                huart2
                0x0000000020000508                huart6
 .bss           0x0000000020000950        0x0 object/UsartRingBuffer.o
 .bss           0x0000000020000950        0xc object/debug.o
                0x0000000020000954                CURRENT_MSP
                0x0000000020000958                DEBUG_BUTTON
                0x000000002000095a                DEBUG_ANALOG_IO
 .bss           0x000000002000095c        0x5 object/timer.o
 .bss           0x0000000020000961        0x0 object/sys_err.o
 .bss           0x0000000020000961        0x0 object/sys_rtc.o
                0x0000000020000961                _ebss = .
OUTPUT(build/final.elf elf32-littlearm)
LOAD linker stubs

.comment        0x0000000000000000       0x33
 .comment       0x0000000000000000       0x33 object/kmath.o
                                         0x34 (size before relaxing)
 .comment       0x0000000000000033       0x34 object/kfloat.o
 .comment       0x0000000000000033       0x34 object/cm4.o
 .comment       0x0000000000000033       0x34 object/mcu_info.o
 .comment       0x0000000000000033       0x34 object/kstring.o
 .comment       0x0000000000000033       0x34 object/kmain.o
 .comment       0x0000000000000033       0x34 object/stm32_startup.o
 .comment       0x0000000000000033       0x34 object/sys_clock.o
 .comment       0x0000000000000033       0x34 object/sys_usart.o
 .comment       0x0000000000000033       0x34 object/sys_gpio.o
 .comment       0x0000000000000033       0x34 object/kstdio.o
 .comment       0x0000000000000033       0x34 object/sys_init.o
 .comment       0x0000000000000033       0x34 object/unistd.o
 .comment       0x0000000000000033       0x34 object/times.o
 .comment       0x0000000000000033       0x34 object/serial_lin.o
 .comment       0x0000000000000033       0x34 object/UsartRingBuffer.o
 .comment       0x0000000000000033       0x34 object/debug.o
 .comment       0x0000000000000033       0x34 object/timer.o
 .comment       0x0000000000000033       0x34 object/sys_err.o
 .comment       0x0000000000000033       0x34 object/sys_rtc.o

.ARM.attributes
                0x0000000000000000       0x32
 .ARM.attributes
                0x0000000000000000       0x32 object/kmath.o
 .ARM.attributes
                0x0000000000000032       0x32 object/kfloat.o
 .ARM.attributes
                0x0000000000000064       0x32 object/cm4.o
 .ARM.attributes
                0x0000000000000096       0x32 object/mcu_info.o
 .ARM.attributes
                0x00000000000000c8       0x32 object/kstring.o
 .ARM.attributes
                0x00000000000000fa       0x32 object/kmain.o
 .ARM.attributes
                0x000000000000012c       0x32 object/stm32_startup.o
 .ARM.attributes
                0x000000000000015e       0x32 object/sys_clock.o
 .ARM.attributes
                0x0000000000000190       0x32 object/sys_usart.o
 .ARM.attributes
                0x00000000000001c2       0x32 object/sys_gpio.o
 .ARM.attributes
                0x00000000000001f4       0x32 object/kstdio.o
 .ARM.attributes
                0x0000000000000226       0x32 object/sys_init.o
 .ARM.attributes
                0x0000000000000258       0x37 object/unistd.o
 .ARM.attributes
                0x000000000000028f       0x37 object/times.o
 .ARM.attributes
                0x00000000000002c6       0x32 object/serial_lin.o
 .ARM.attributes
                0x00000000000002f8       0x32 object/UsartRingBuffer.o
 .ARM.attributes
                0x000000000000032a       0x32 object/debug.o
 .ARM.attributes
                0x000000000000035c       0x32 object/timer.o
 .ARM.attributes
                0x000000000000038e       0x32 object/sys_err.o
 .ARM.attributes
                0x00000000000003c0       0x32 object/sys_rtc.o
